// Jest Snapshot v1, https://goo.gl/fbAQLP

exports[`<MediaMatch /> should render the heading 1`] = `
.c0 {
  background-color: #F231A5;
}

<div
  class="c0"
>
  <h1>
    MediaMatch
  </h1>
</div>
`;
