// Jest Snapshot v1, https://goo.gl/fbAQLP

exports[`<Banner /> should render correctly 1`] = `
.c5 {
  background: linear-gradient(180deg,#ff5f5f 0%,#f062c0 50%);
  color: #FAFAFA;
  border: 0;
  border-radius: 0.4rem;
  -webkit-text-decoration: none;
  text-decoration: none;
  display: -webkit-inline-box;
  display: -webkit-inline-flex;
  display: -ms-inline-flexbox;
  display: inline-flex;
  -webkit-align-items: center;
  -webkit-box-align: center;
  -ms-flex-align: center;
  align-items: center;
  -webkit-box-pack: center;
  -webkit-justify-content: center;
  -ms-flex-pack: center;
  justify-content: center;
  height: 4rem;
  font-size: 1.4rem;
  padding: 0.8rem 3.2rem;
}

.c5:hover {
  background: linear-gradient(180deg,#e35565 0%,#d958a6 50%);
}

.c0 {
  position: relative;
  width: 100%;
  height: 100%;
}

.c1 {
  max-width: 104rem;
  max-height: 58rem;
  width: auto;
  height: auto;
  min-height: 23rem;
  display: -webkit-box;
  display: -webkit-flex;
  display: -ms-flexbox;
  display: flex;
  -webkit-box-pack: center;
  -webkit-justify-content: center;
  -ms-flex-pack: center;
  justify-content: center;
  background-color: #030517;
  height: calc(100% - 40%);
  background-image: linear-gradient( to right,#ffffff 0%,#dfdfdf 20%,#f6f7f8 40%,#f6f7f8 100% );
  background-size: 80rem 58rem;
  -webkit-animation: placeholderShimmer 1s linear infinite forwards;
  animation: placeholderShimmer 1s linear infinite forwards;
}

.c1 img {
  width: 100%;
  height: 100%;
  min-height: 23rem;
  object-fit: cover;
}

.c2 {
  width: 100%;
  height: 100%;
  background-color: rgba(0,0,0,0.7);
  padding: 2.4rem;
}

.c3 {
  font-size: 1.8rem;
  font-weight: 600;
  padding-bottom: 0.8rem;
  color: #FAFAFA;
}

.c4 {
  color: #FAFAFA;
  font-size: 1.4rem;
  font-weight: 400;
  padding-bottom: 1.6rem;
}

.c4 strong {
  color: #F231A5;
  font-weight: 600;
}

@media (max-width:768px) {
  .c0 .sc-bdnxRM {
    right: 0;
  }

  .c0 .sc-bdnxRM::before {
    display: none;
  }
}

@media (min-width:768px) {
  .c0 {
    box-shadow: 0 0.4rem 0.5rem 0 rgba(0,0,0,0.2);
  }
}

@media (min-width:1170px) {
  .c1 {
    height: 58rem;
  }
}

@media (min-width:768px) {
  .c1 {
    border-radius: 0 0 0.4rem 0.4rem;
  }
}

@media (min-width:768px) {
  .c1 {
    height: 100%;
  }
}

@media (min-width:1170px) {
  .c1 {
    height: 58rem;
  }
}

@media (min-width:768px) {
  .c1 img {
    border-radius: 0 0 0.4rem 0.4rem;
  }
}

@media (min-width:768px) {
  .c2 {
    border-radius: 0 0 0.4rem 0.4rem;
    padding: 4.0rem;
    position: absolute;
    bottom: 0;
    left: 0;
    height: auto;
  }
}

@media (min-width:768px) {
  .c3 {
    font-size: 2.8rem;
  }
}

@media (min-width:768px) {
  .c4 {
    font-sizes: 1.8rem;
  }
}

<div
  class="c0"
>
  <div
    class="c1"
  >
    <img
      alt="Defy death"
      src="https://source.unsplash.com/user/willianjusten/1042x580"
    />
  </div>
  <div
    class="c2"
  >
    <h2
      class="c3"
    >
      Defy death
    </h2>
    <h3
      class="c4"
    >
      <p>
        Play the new 
        <strong>
          CrashLands
        </strong>
         season
      </p>
    </h3>
    <a
      class="c5"
      href="/games/defy-death"
    >
      <span>
        Buy now
      </span>
    </a>
  </div>
</div>
`;
