// Jest Snapshot v1, https://goo.gl/fbAQLP

exports[`<Radio /> should render with label 1`] = `
.c0 {
  display: -webkit-box;
  display: -webkit-flex;
  display: -ms-flexbox;
  display: flex;
  -webkit-align-items: center;
  -webkit-box-align: center;
  -ms-flex-align: center;
  align-items: center;
}

.c1 {
  display: -webkit-box;
  display: -webkit-flex;
  display: -ms-flexbox;
  display: flex;
  -webkit-box-pack: center;
  -webkit-justify-content: center;
  -ms-flex-pack: center;
  justify-content: center;
  -webkit-align-items: center;
  -webkit-box-align: center;
  -ms-flex-align: center;
  align-items: center;
  position: relative;
  -webkit-appearance: none;
  -moz-appearance: none;
  appearance: none;
  width: 1.8rem;
  height: 1.8rem;
  border: 0.2rem solid #F231A5;
  border-radius: 50%;
  cursor: pointer;
  outline: none;
}

.c1::before {
  content: "";
  width: 0.8rem;
  height: 0.8rem;
  background: #F231A5;
  border-radius: 50%;
  position: absolute;
  opacity: 0;
  -webkit-transform: scale(0);
  -ms-transform: scale(0);
  transform: scale(0);
  -webkit-transition: all 0.2s ease-in-out;
  transition: all 0.2s ease-in-out;
}

.c1:checked::before {
  opacity: 1;
  -webkit-transform: scale(1);
  -ms-transform: scale(1);
  transform: scale(1);
}

.c1:focus {
  box-shadow: 0 0 0.5rem #F231A5;
}

.c2 {
  color: #FAFAFA;
  margin-left: 0.8rem;
  line-height: 1;
}

<div
  class="c0"
>
  <input
    class="c1"
    id="radio"
    type="radio"
    value=""
  />
  <label
    class="c2"
    for="radio"
  >
    Radio label
  </label>
</div>
`;
